 Total Nb of available Diagnostics: ndiagt=   198
------------------------------------------------------------------------------------
  Num  |<-Name->|Levs|  mate |<- code ->|<--  Units   -->|<- Tile (max=80c)         
------------------------------------------------------------------------------------
     1 |SDIAG1  |  1 |       |SM      L1|user-defined    |User-Defined   Surface   Diagnostic  #1
     2 |SDIAG2  |  1 |       |SM      L1|user-defined    |User-Defined   Surface   Diagnostic  #2
     3 |SDIAG3  |  1 |       |SM      L1|user-defined    |User-Defined   Surface   Diagnostic  #3
     4 |SDIAG4  |  1 |       |SM      L1|user-defined    |User-Defined   Surface   Diagnostic  #4
     5 |SDIAG5  |  1 |       |SM      L1|user-defined    |User-Defined   Surface   Diagnostic  #5
     6 |SDIAG6  |  1 |       |SM      L1|user-defined    |User-Defined   Surface   Diagnostic  #6
     7 |SDIAG7  |  1 |       |SU      L1|user-defined    |User-Defined U.pt Surface Diagnostic #7
     8 |SDIAG8  |  1 |       |SV      L1|user-defined    |User-Defined V.pt Surface Diagnostic #8
     9 |SDIAG9  |  1 |    10 |UU      L1|user-defined    |User-Defined U.vector Surface Diag.  #9
    10 |SDIAG10 |  1 |     9 |VV      L1|user-defined    |User-Defined V.vector Surface Diag. #10
    11 |UDIAG1  |198 |       |SM      MR|user-defined    |User-Defined Model-Level Diagnostic  #1
    12 |UDIAG2  |198 |       |SM      MR|user-defined    |User-Defined Model-Level Diagnostic  #2
    13 |UDIAG3  |198 |       |SMR     MR|user-defined    |User-Defined Model-Level Diagnostic  #3
    14 |UDIAG4  |198 |       |SMR     MR|user-defined    |User-Defined Model-Level Diagnostic  #4
    15 |UDIAG5  |198 |       |SU      MR|user-defined    |User-Defined U.pt Model-Level Diag.  #5
    16 |UDIAG6  |198 |       |SV      MR|user-defined    |User-Defined V.pt Model-Level Diag.  #6
    17 |UDIAG7  |198 |    18 |UUR     MR|user-defined    |User-Defined U.vector Model-Lev Diag.#7
    18 |UDIAG8  |198 |    17 |VVR     MR|user-defined    |User-Defined V.vector Model-Lev Diag.#8
    19 |UDIAG9  |198 |       |SM      ML|user-defined    |User-Defined Phys-Level  Diagnostic  #9
    20 |UDIAG10 |198 |       |SM      ML|user-defined    |User-Defined Phys-Level  Diagnostic #10
    21 |SDIAGC  |  1 |    22 |SM  C   L1|user-defined    |User-Defined Counted Surface Diagnostic
    22 |SDIAGCC |  1 |       |SM      L1|count           |User-Defined Surface Diagnostic Counter
    23 |ETAN    |  1 |       |SM      M1|m               |Surface Height Anomaly
    24 |ETANSQ  |  1 |       |SM P    M1|m^2             |Square of Surface Height Anomaly
    25 |DETADT2 |  1 |       |SM      M1|m^2/s^2         |Square of Surface Height Anomaly Tendency
    26 |THETA   |198 |       |SMR     MR|degC            |Potential Temperature
    27 |SALT    |198 |       |SMR     MR|g/kg            |Absolute Salinity
    28 |RELHUM  |198 |       |SMR     MR|percent         |Relative Humidity
    29 |SALTanom|198 |       |SMR     MR|g/kg            |Salt anomaly (=SALT-35; g/kg)
    30 |UVEL    |198 |    31 |UUR     MR|m/s             |Zonal Component of Velocity (m/s)
    31 |VVEL    |198 |    30 |VVR     MR|m/s             |Meridional Component of Velocity (m/s)
    32 |WVEL    |198 |       |WM      LR|m/s             |Vertical Component of Velocity (r_units/s)
    33 |THETASQ |198 |       |SMRP    MR|degC^2          |Square of Potential Temperature
    34 |SALTSQ  |198 |       |SMRP    MR|(g/kg)^2        |Square of Absolute Salinity
    35 |SALTSQan|198 |       |SMRP    MR|(g/kg)^2        |Square of Salt anomaly (=(SALT-35)^2 (g^2/kg^2)
    36 |UVELSQ  |198 |    37 |UURP    MR|m^2/s^2         |Square of Zonal Comp of Velocity (m^2/s^2)
    37 |VVELSQ  |198 |    36 |VVRP    MR|m^2/s^2         |Square of Meridional Comp of Velocity (m^2/s^2)
    38 |WVELSQ  |198 |       |WM P    LR|m^2/s^2         |Square of Vertical Comp of Velocity
    39 |UE_VEL_C|198 |    40 |UMR     MR|m/s             |Eastward Velocity (m/s) (cell center)
    40 |VN_VEL_C|198 |    39 |VMR     MR|m/s             |Northward Velocity (m/s) (cell center)
    41 |UV_VEL_C|198 |    41 |UMR     MR|m^2/s^2         |Product of horizontal Comp of velocity (cell center)
    42 |UV_VEL_Z|198 |    42 |UZR     MR|m^2/s^2         |Meridional Transport of Zonal Momentum (m^2/s^2)
    43 |WU_VEL  |198 |       |WU      LR|m.m/s^2         |Vertical Transport of Zonal Momentum
    44 |WV_VEL  |198 |       |WV      LR|m.m/s^2         |Vertical Transport of Meridional Momentum
    45 |UVELMASS|198 |    46 |UUr     MR|m/s             |Zonal Mass-Weighted Comp of Velocity (m/s)
    46 |VVELMASS|198 |    45 |VVr     MR|m/s             |Meridional Mass-Weighted Comp of Velocity (m/s)
    47 |WVELMASS|198 |       |WM      LR|m/s             |Vertical Mass-Weighted Comp of Velocity
    48 |PhiVEL  |198 |    45 |SMR P   MR|m^2/s           |Horizontal Velocity Potential (m^2/s)
    49 |PsiVEL  |198 |    48 |SZ  P   MR|m.m^2/s         |Horizontal Velocity Stream-Function
    50 |UTHMASS |198 |    51 |UUr     MR|degC.m/s        |Zonal Mass-Weight Transp of Pot Temp
    51 |VTHMASS |198 |    50 |VVr     MR|degC.m/s        |Meridional Mass-Weight Transp of Pot Temp
    52 |WTHMASS |198 |       |WM      LR|degC.m/s        |Vertical Mass-Weight Transp of Pot Temp (K.m/s)
    53 |USLTMASS|198 |    54 |UUr     MR|g/kg.m/s        |Zonal Mass-Weight Transp of Absolute Salinity
    54 |VSLTMASS|198 |    53 |VVr     MR|g/kg.m/s        |Meridional Mass-Weight Transp of Absolute Salinity
    55 |WSLTMASS|198 |       |WM      LR|g/kg.m/s        |Vertical Mass-Weight Transp of Absolute Salinity
    56 |UVELTH  |198 |    57 |UUR     MR|degC.m/s        |Zonal Transport of Pot Temp
    57 |VVELTH  |198 |    56 |VVR     MR|degC.m/s        |Meridional Transport of Pot Temp
    58 |WVELTH  |198 |       |WM      LR|degC.m/s        |Vertical Transport of Pot Temp
    59 |UVELSLT |198 |    60 |UUR     MR|g/kg.m/s        |Zonal Transport of Absolute Salinity
    60 |VVELSLT |198 |    59 |VVR     MR|g/kg.m/s        |Meridional Transport of Absolute Salinity
    61 |WVELSLT |198 |       |WM      LR|g/kg.m/s        |Vertical Transport of Absolute Salinity
    62 |UVELPHI |198 |    63 |UUr     MR|m^3/s^3         |Zonal Mass-Weight Transp of Pressure Pot.(p/rho) Anomaly
    63 |VVELPHI |198 |    62 |VVr     MR|m^3/s^3         |Merid. Mass-Weight Transp of Pressure Pot.(p/rho) Anomaly
    64 |RHOAnoma|198 |       |SMR     MR|kg/m^3          |Density Anomaly (=Rho-rhoConst)
    65 |RHOANOSQ|198 |       |SMRP    MR|kg^2/m^6        |Square of Density Anomaly (=(Rho-rhoConst)^2)
    66 |URHOMASS|198 |    67 |UUr     MR|kg/m^2/s        |Zonal Transport of Density
    67 |VRHOMASS|198 |    66 |VVr     MR|kg/m^2/s        |Meridional Transport of Density
    68 |WRHOMASS|198 |       |WM      LR|kg/m^2/s        |Vertical Transport of Density
    69 |WdRHO_P |198 |       |WM      LR|kg/m^2/s        |Vertical velocity times delta^k(Rho)_at-const-P
    70 |WdRHOdP |198 |       |WM      LR|kg/m^2/s        |Vertical velocity times delta^k(Rho)_at-const-T,S
    71 |PHIHYD  |198 |       |SMR     MR|m^2/s^2         |Hydrostatic Pressure Pot.(p/rho) Anomaly
    72 |PHIHYDSQ|198 |       |SMRP    MR|m^4/s^4         |Square of Hyd. Pressure Pot.(p/rho) Anomaly
    73 |PHIBOT  |  1 |       |SM      M1|m^2/s^2         |Bottom Pressure Pot.(p/rho) Anomaly
    74 |PHIBOTSQ|  1 |       |SM P    M1|m^4/s^4         |Square of Bottom Pressure Pot.(p/rho) Anomaly
    75 |PHI_SURF|  1 |       |SM      M1|m^2/s^2         |Surface Dynamical Pressure Pot.(p/rho)
    76 |PHI_NH  |198 |       |SMR     MR|m^2/s^2         |Non-Hydrostatic Pressure Pot.(p/rho)
    77 |MXLDEPTH|  1 |       |SM      M1|m               |Mixed-Layer Depth (>0)
    78 |DRHODR  |198 |       |SM      LR|kg/m^4          |Stratification: d.Sigma/dr (kg/m3/r_unit)
    79 |CONVADJ |198 |       |SMR     LR|fraction        |Convective Adjustment Index [0-1]
    80 |oceTAUX |  1 |    81 |UU      U1|N/m^2           |zonal surface wind stress, >0 increases uVel
    81 |oceTAUY |  1 |    80 |VV      U1|N/m^2           |meridional surf. wind stress, >0 increases vVel
    82 |atmPload|  1 |       |SM      U1|Pa              |Atmospheric pressure loading anomaly (vs surf_pRef)
    83 |sIceLoad|  1 |       |SM      U1|kg/m^2          |sea-ice loading (in Mass of ice+snow / area unit)
    84 |oceFWflx|  1 |       |SM      U1|kg/m^2/s        |net surface Fresh-Water flux into the ocean (+=down), >0 decreases salinity
    85 |oceSflux|  1 |       |SM      U1|g/m^2/s         |net surface Salt flux into the ocean (+=down), >0 increases salinity
    86 |oceQnet |  1 |       |SM      U1|W/m^2           |net surface heat flux into the ocean (+=down), >0 increases theta
    87 |oceQsw  |  1 |       |SM      U1|W/m^2           |net Short-Wave radiation (+=down), >0 increases theta
    88 |oceFreez|  1 |       |SM      U1|W/m^2           |heating from freezing of sea-water (allowFreezing=T)
    89 |TRELAX  |  1 |       |SM      U1|W/m^2           |surface temperature relaxation, >0 increases theta
    90 |SRELAX  |  1 |       |SM      U1|g/m^2/s         |surface salinity relaxation, >0 increases salt
    91 |surForcT|  1 |       |SM      U1|W/m^2           |model surface forcing for Temperature, >0 increases theta
    92 |surForcS|  1 |       |SM      U1|g/m^2/s         |model surface forcing for Salinity, >0 increases salinity
    93 |TFLUX   |  1 |       |SM      U1|W/m^2           |total heat flux (match heat-content variations), >0 increases theta
    94 |SFLUX   |  1 |       |SM      U1|g/m^2/s         |total salt flux (match salt-content variations), >0 increases salt
    95 |RCENTER |198 |       |SM      MR|m               |Cell-Center Height
    96 |RSURF   |  1 |       |SM      M1|m               |Surface Height
    97 |TOTUTEND|198 |    98 |UUR     MR|m/s/day         |Tendency of Zonal Component of Velocity
    98 |TOTVTEND|198 |    97 |VVR     MR|m/s/day         |Tendency of Meridional Component of Velocity
    99 |TOTTTEND|198 |       |SMR     MR|degC/day        |Tendency of Potential Temperature
------------------------------------------------------------------------------------
  Num  |<-Name->|Levs|  mate |<- code ->|<--  Units   -->|<- Tile (max=80c)         
------------------------------------------------------------------------------------
   100 |TOTSTEND|198 |       |SMR     MR|g/kg/day        |Tendency of Absolute Salinity
   101 |MoistCor|198 |       |SM      MR|W/m^2           |Heating correction due to moist thermodynamics
   102 |gT_Forc |198 |       |SMR     MR|degC/s          |Potential Temp. forcing tendency
   103 |gS_Forc |198 |       |SMR     MR|g/kg/s          |Absolute Salinity forcing tendency
   104 |AB_gT   |198 |       |SMR     MR|degC/s          |Potential Temp. tendency from Adams-Bashforth
   105 |AB_gS   |198 |       |SMR     MR|g/kg/s          |Absolute Salinity tendency from Adams-Bashforth
   106 |gTinAB  |198 |       |SMR     MR|degC/s          |Potential Temp. tendency going in Adams-Bashforth
   107 |gSinAB  |198 |       |SMR     MR|g/kg/s          |Absolute Salinity tendency going in Adams-Bashforth
   108 |AB_gU   |198 |   109 |UUR     MR|m/s^2           |U momentum tendency from Adams-Bashforth
   109 |AB_gV   |198 |   108 |VVR     MR|m/s^2           |V momentum tendency from Adams-Bashforth
   110 |AB_gW   |198 |       |WM      LR|m/s^2           |W momentum tendency from Adams-Bashforth
   111 |ADVr_TH |198 |       |WM      LR|degC.m^3/s      |Vertical   Advective Flux of Pot.Temperature
   112 |ADVx_TH |198 |   113 |UU      MR|degC.m^3/s      |Zonal      Advective Flux of Pot.Temperature
   113 |ADVy_TH |198 |   112 |VV      MR|degC.m^3/s      |Meridional Advective Flux of Pot.Temperature
   114 |DFrE_TH |198 |       |WM      LR|degC.m^3/s      |Vertical Diffusive Flux of Pot.Temperature (Explicit part)
   115 |DFxE_TH |198 |   116 |UU      MR|degC.m^3/s      |Zonal      Diffusive Flux of Pot.Temperature
   116 |DFyE_TH |198 |   115 |VV      MR|degC.m^3/s      |Meridional Diffusive Flux of Pot.Temperature
   117 |DFrI_TH |198 |       |WM      LR|degC.m^3/s      |Vertical Diffusive Flux of Pot.Temperature (Implicit part)
   118 |ADVr_SLT|198 |       |WM      LR|g/kg.m^3/s      |Vertical   Advective Flux of Salinity
   119 |ADVx_SLT|198 |   120 |UU      MR|g/kg.m^3/s      |Zonal      Advective Flux of Salinity
   120 |ADVy_SLT|198 |   119 |VV      MR|g/kg.m^3/s      |Meridional Advective Flux of Salinity
   121 |DFrE_SLT|198 |       |WM      LR|g/kg.m^3/s      |Vertical Diffusive Flux of Salinity    (Explicit part)
   122 |DFxE_SLT|198 |   123 |UU      MR|g/kg.m^3/s      |Zonal      Diffusive Flux of Salinity
   123 |DFyE_SLT|198 |   122 |VV      MR|g/kg.m^3/s      |Meridional Diffusive Flux of Salinity
   124 |DFrI_SLT|198 |       |WM      LR|g/kg.m^3/s      |Vertical Diffusive Flux of Salinity    (Implicit part)
   125 |SALTFILL|198 |       |SM      MR|g/kg.m^3/s      |Filling of Negative Values of Salinity
   126 |VISCAHZ |198 |       |SZ      MR|m^2/s           |Harmonic Visc Coefficient (m2/s) (Zeta Pt)
   127 |VISCA4Z |198 |       |SZ      MR|m^4/s           |Biharmonic Visc Coefficient (m4/s) (Zeta Pt)
   128 |VISCAHD |198 |       |SM      MR|m^2/s           |Harmonic Viscosity Coefficient (m2/s) (Div Pt)
   129 |VISCA4D |198 |       |SM      MR|m^4/s           |Biharmonic Viscosity Coefficient (m4/s) (Div Pt)
   130 |VISCAHW |198 |       |WM      LR|m^2/s           |Harmonic Viscosity Coefficient (m2/s) (W Pt)
   131 |VISCA4W |198 |       |WM      LR|m^4/s           |Biharmonic Viscosity Coefficient (m4/s) (W Pt)
   132 |VAHZMAX |198 |       |SZ      MR|m^2/s           |CFL-MAX Harm Visc Coefficient (m2/s) (Zeta Pt)
   133 |VA4ZMAX |198 |       |SZ      MR|m^4/s           |CFL-MAX Biharm Visc Coefficient (m4/s) (Zeta Pt)
   134 |VAHDMAX |198 |       |SM      MR|m^2/s           |CFL-MAX Harm Visc Coefficient (m2/s) (Div Pt)
   135 |VA4DMAX |198 |       |SM      MR|m^4/s           |CFL-MAX Biharm Visc Coefficient (m4/s) (Div Pt)
   136 |VAHZMIN |198 |       |SZ      MR|m^2/s           |RE-MIN Harm Visc Coefficient (m2/s) (Zeta Pt)
   137 |VA4ZMIN |198 |       |SZ      MR|m^4/s           |RE-MIN Biharm Visc Coefficient (m4/s) (Zeta Pt)
   138 |VAHDMIN |198 |       |SM      MR|m^2/s           |RE-MIN Harm Visc Coefficient (m2/s) (Div Pt)
   139 |VA4DMIN |198 |       |SM      MR|m^4/s           |RE-MIN Biharm Visc Coefficient (m4/s) (Div Pt)
   140 |VAHZLTH |198 |       |SZ      MR|m^2/s           |Leith Harm Visc Coefficient (m2/s) (Zeta Pt)
   141 |VA4ZLTH |198 |       |SZ      MR|m^4/s           |Leith Biharm Visc Coefficient (m4/s) (Zeta Pt)
   142 |VAHDLTH |198 |       |SM      MR|m^2/s           |Leith Harm Visc Coefficient (m2/s) (Div Pt)
   143 |VA4DLTH |198 |       |SM      MR|m^4/s           |Leith Biharm Visc Coefficient (m4/s) (Div Pt)
   144 |VAHZLTHD|198 |       |SZ      MR|m^2/s           |LeithD Harm Visc Coefficient (m2/s) (Zeta Pt)
   145 |VA4ZLTHD|198 |       |SZ      MR|m^4/s           |LeithD Biharm Visc Coefficient (m4/s) (Zeta Pt)
   146 |VAHDLTHD|198 |       |SM      MR|m^2/s           |LeithD Harm Visc Coefficient (m2/s) (Div Pt)
   147 |VA4DLTHD|198 |       |SM      MR|m^4/s           |LeithD Biharm Visc Coefficient (m4/s) (Div Pt)
   148 |VAHZSMAG|198 |       |SZ      MR|m^2/s           |Smagorinsky Harm Visc Coefficient (m2/s) (Zeta Pt)
   149 |VA4ZSMAG|198 |       |SZ      MR|m^4/s           |Smagorinsky Biharm Visc Coeff. (m4/s) (Zeta Pt)
   150 |VAHDSMAG|198 |       |SM      MR|m^2/s           |Smagorinsky Harm Visc Coefficient (m2/s) (Div Pt)
   151 |VA4DSMAG|198 |       |SM      MR|m^4/s           |Smagorinsky Biharm Visc Coeff. (m4/s) (Div Pt)
   152 |momKE   |198 |       |SMR     MR|m^2/s^2         |Kinetic Energy (in momentum Eq.)
   153 |momHDiv |198 |       |SMR     MR|s^-1            |Horizontal Divergence (in momentum Eq.)
   154 |momVort3|198 |       |SZR     MR|s^-1            |3rd component (vertical) of Vorticity
   155 |Strain  |198 |       |SZR     MR|s^-1            |Horizontal Strain of Horizontal Velocities
   156 |Tension |198 |       |SMR     MR|s^-1            |Horizontal Tension of Horizontal Velocities
   157 |Stretch |198 |       |SM      MR|s^-1            |Vortex stretching from QG Leith dynamic viscosity
   158 |USidDrag|198 |   159 |UUR     MR|m/s^2           |U momentum tendency from Side Drag
   159 |VSidDrag|198 |   158 |VVR     MR|m/s^2           |V momentum tendency from Side Drag
   160 |Um_Diss |198 |   161 |UUR     MR|m/s^2           |U momentum tendency from Dissipation (Explicit part)
   161 |Vm_Diss |198 |   160 |VVR     MR|m/s^2           |V momentum tendency from Dissipation (Explicit part)
   162 |Um_ImplD|198 |   163 |UUR     MR|m/s^2           |U momentum tendency from Dissipation (Implicit part)
   163 |Vm_ImplD|198 |   162 |VVR     MR|m/s^2           |V momentum tendency from Dissipation (Implicit part)
   164 |Um_Advec|198 |   165 |UUR     MR|m/s^2           |U momentum tendency from Advection terms
   165 |Vm_Advec|198 |   164 |VVR     MR|m/s^2           |V momentum tendency from Advection terms
   166 |Um_Cori |198 |   167 |UUR     MR|m/s^2           |U momentum tendency from Coriolis term
   167 |Vm_Cori |198 |   166 |VVR     MR|m/s^2           |V momentum tendency from Coriolis term
   168 |Um_dPhiX|198 |   169 |UUR     MR|m/s^2           |U momentum tendency from Pressure/Potential grad
   169 |Vm_dPhiY|198 |   168 |VVR     MR|m/s^2           |V momentum tendency from Pressure/Potential grad
   170 |Um_Ext  |198 |   171 |UUR     MR|m/s^2           |U momentum tendency from external forcing
   171 |Vm_Ext  |198 |   170 |VVR     MR|m/s^2           |V momentum tendency from external forcing
   172 |Um_hDis2|198 |   173 |UUR     MR|m/s^2           |U momentum tendency from harmonic visc alone
   173 |Vm_hDis2|198 |   172 |VVR     MR|m/s^2           |V momentum tendency from harmonic visc alone
   174 |Um_hDis4|198 |   175 |UUR     MR|m/s^2           |U momentum tendency from biharmonic visc alone
   175 |Vm_hDis4|198 |   174 |VVR     MR|m/s^2           |V momentum tendency from biharmonic visc alone
   176 |Um_AdvZ3|198 |   177 |UUR     MR|m/s^2           |U momentum tendency from Vorticity Advection
   177 |Vm_AdvZ3|198 |   176 |VVR     MR|m/s^2           |V momentum tendency from Vorticity Advection
   178 |Um_AdvRe|198 |   179 |UUR     MR|m/s^2           |U momentum tendency from vertical Advection (Explicit part)
   179 |Vm_AdvRe|198 |   178 |VVR     MR|m/s^2           |V momentum tendency from vertical Advection (Explicit part)
   180 |Wm_Diss |198 |       |WMr     LR|m/s^2           |W momentum tendency from Dissipation
   181 |Wm_Advec|198 |       |WMr     LR|m/s^2           |W momentum tendency from Advection terms
   182 |WSidDrag|198 |       |WMr     LR|m/s^2           |Vertical momentum tendency from Side Drag
   183 |botTauX |  1 |   184 |UU      U1|N/m^2           |zonal bottom stress, >0 increases uVel
   184 |botTauY |  1 |   183 |VV      U1|N/m^2           |meridional bottom stress, >0 increases vVel
   185 |ADVx_Um |198 |   186 |UM      MR|m^4/s^2         |Zonal      Advective Flux of U momentum
   186 |ADVy_Um |198 |   185 |VZ      MR|m^4/s^2         |Meridional Advective Flux of U momentum
   187 |ADVrE_Um|198 |       |WU      LR|m^4/s^2         |Vertical   Advective Flux of U momentum (Explicit part)
   188 |ADVx_Vm |198 |   189 |UZ      MR|m^4/s^2         |Zonal      Advective Flux of V momentum
   189 |ADVy_Vm |198 |   188 |VM      MR|m^4/s^2         |Meridional Advective Flux of V momentum
   190 |ADVrE_Vm|198 |       |WV      LR|m^4/s^2         |Vertical   Advective Flux of V momentum (Explicit part)
   191 |VISCx_Um|198 |   192 |UM      MR|m^4/s^2         |Zonal      Viscous Flux of U momentum
   192 |VISCy_Um|198 |   191 |VZ      MR|m^4/s^2         |Meridional Viscous Flux of U momentum
   193 |VISrE_Um|198 |       |WU      LR|m^4/s^2         |Vertical   Viscous Flux of U momentum (Explicit part)
   194 |VISrI_Um|198 |       |WU      LR|m^4/s^2         |Vertical   Viscous Flux of U momentum (Implicit part)
   195 |VISCx_Vm|198 |   196 |UZ      MR|m^4/s^2         |Zonal      Viscous Flux of V momentum
   196 |VISCy_Vm|198 |   195 |VM      MR|m^4/s^2         |Meridional Viscous Flux of V momentum
   197 |VISrE_Vm|198 |       |WV      LR|m^4/s^2         |Vertical   Viscous Flux of V momentum (Explicit part)
   198 |VISrI_Vm|198 |       |WV      LR|m^4/s^2         |Vertical   Viscous Flux of V momentum (Implicit part)
------------------------------------------------------------------------------------
  Num  |<-Name->|Levs|  mate |<- code ->|<--  Units   -->|<- Tile (max=80c)         
------------------------------------------------------------------------------------
